18:05:16.567 [main] INFO  testCases.LoginTest - ******* STarting LoginTest *******
18:05:17.072 [main] INFO  testCases.LoginTest - ******* Finishing LoginTest *******
18:05:17.092 [main] INFO  testCases.LoginTest - ******* STarting LoginTest *******
18:05:27.533 [main] INFO  testCases.LoginTest - ******* STarting LoginTest *******
18:05:37.842 [main] INFO  testCases.LoginTest - ******* Finishing LoginTest *******
18:05:37.845 [main] INFO  testCases.LoginTest - ******* STarting LoginTest *******
18:05:48.136 [main] INFO  testCases.LoginTest - ******* Finishing LoginTest *******
18:05:48.142 [main] INFO  testCases.LoginTest - ******* STarting LoginTest *******
18:05:58.503 [main] INFO  testCases.LoginTest - ******* Finishing LoginTest *******
18:05:58.509 [main] INFO  testCases.LoginTest - ******* STarting LoginTest *******
18:06:08.791 [main] INFO  testCases.LoginTest - ******* Finishing LoginTest *******
18:06:08.793 [main] INFO  testCases.LoginTest - ******* STarting LoginTest *******
18:06:19.008 [main] INFO  testCases.LoginTest - ******* Finishing LoginTest *******
18:06:19.013 [main] INFO  testCases.LoginTest - ******* STarting LoginTest *******
18:06:29.204 [main] INFO  testCases.LoginTest - ******* Finishing LoginTest *******
18:06:31.036 [main] INFO  testCases.ProductTest - ******* Staring ProductTest *******
18:06:31.594 [main] INFO  testCases.ProductTest - ******* Finishing LoginTest *******
18:06:33.056 [main] INFO  testCases.CartTest - ******* Staring CartTest *******
18:06:53.676 [main] INFO  testCases.CartTest - ******* Finishing CartTest *******
18:06:55.585 [main] INFO  testCases.CheckoutTest - ******* Staring CkeckoutTest *******
18:06:56.289 [main] INFO  testCases.CheckoutTest - ******* Finishing CkeckoutTest *******
18:06:57.824 [main] INFO  testCases.ProductTestDDT - ******* Staring ProductDDTTest *******
18:06:58.698 [main] INFO  testCases.ProductTestDDT - ******* Finishing ProductDDTTest *******
18:16:43.597 [main] INFO  testCases.LoginTest - ******* Starting LoginTest *******
18:16:44.077 [main] INFO  testCases.LoginTest - ******* Finishing LoginTest *******
18:16:44.093 [main] INFO  testCases.LoginTest - ******* Starting LoginTest *******
18:16:54.490 [main] INFO  testCases.LoginTest - ******* Starting LoginTest *******
18:17:04.707 [main] INFO  testCases.LoginTest - ******* Finishing LoginTest *******
18:17:04.707 [main] INFO  testCases.LoginTest - ******* Starting LoginTest *******
18:17:14.983 [main] INFO  testCases.LoginTest - ******* Finishing LoginTest *******
18:17:14.989 [main] INFO  testCases.LoginTest - ******* Starting LoginTest *******
18:17:25.223 [main] INFO  testCases.LoginTest - ******* Finishing LoginTest *******
18:17:25.227 [main] INFO  testCases.LoginTest - ******* Starting LoginTest *******
18:17:35.465 [main] INFO  testCases.LoginTest - ******* Finishing LoginTest *******
18:17:35.481 [main] INFO  testCases.LoginTest - ******* Starting LoginTest *******
18:17:45.659 [main] INFO  testCases.LoginTest - ******* Finishing LoginTest *******
18:17:45.660 [main] INFO  testCases.LoginTest - ******* Starting LoginTest *******
18:17:55.905 [main] INFO  testCases.LoginTest - ******* Finishing LoginTest *******
18:17:57.635 [main] INFO  testCases.ProductTest - ******* Staring ProductTest *******
18:17:58.200 [main] INFO  testCases.ProductTest - ******* Finishing LoginTest *******
18:17:59.734 [main] INFO  testCases.CartTest - ******* Staring CartTest *******
18:18:20.345 [main] INFO  testCases.CartTest - ******* Finishing CartTest *******
18:18:21.994 [main] INFO  testCases.CheckoutTest - ******* Staring CkeckoutTest *******
18:18:22.660 [main] INFO  testCases.CheckoutTest - ******* Finishing CkeckoutTest *******
18:18:24.498 [main] INFO  testCases.ProductTestDDT - ******* Staring ProductDDTTest *******
18:18:25.368 [main] INFO  testCases.ProductTestDDT - ******* Finishing ProductDDTTest *******
18:23:01.603 [main] INFO  testCases.LoginTest - ******* Starting LoginTest *******
18:23:02.181 [main] INFO  testCases.LoginTest - ******* Finishing LoginTest *******
18:23:02.207 [main] INFO  testCases.LoginTest - ******* Starting LoginTest *******
18:23:12.534 [main] INFO  testCases.LoginTest - ******* Starting LoginTest *******
18:23:22.746 [main] INFO  testCases.LoginTest - ******* Finishing LoginTest *******
18:23:22.752 [main] INFO  testCases.LoginTest - ******* Starting LoginTest *******
18:23:32.998 [main] INFO  testCases.LoginTest - ******* Finishing LoginTest *******
18:23:33.004 [main] INFO  testCases.LoginTest - ******* Starting LoginTest *******
18:23:43.362 [main] INFO  testCases.LoginTest - ******* Finishing LoginTest *******
18:23:43.364 [main] INFO  testCases.LoginTest - ******* Starting LoginTest *******
18:23:53.587 [main] INFO  testCases.LoginTest - ******* Finishing LoginTest *******
18:23:53.587 [main] INFO  testCases.LoginTest - ******* Starting LoginTest *******
18:24:03.805 [main] INFO  testCases.LoginTest - ******* Finishing LoginTest *******
