12:07:23.821 [main] INFO  testCases.LoginTest - ******* Finishing LoginTest *******
12:07:23.853 [main] INFO  testCases.LoginTest - ******* Starting LoginTest *******
12:07:25.103 [main] INFO  testCases.ProductTest - ******* Staring ProductTest *******
12:07:26.667 [main] INFO  testCases.ProductTest - ******* Finishing LoginTest *******
12:07:28.813 [main] INFO  testCases.CartTest - ******* Staring CartTest *******
12:07:34.339 [main] INFO  testCases.LoginTest - ******* Finishing LoginTest *******
12:07:41.222 [main] INFO  testCases.CartTest - ******* Staring CartTest *******
12:07:49.716 [main] INFO  testCases.CartTest - ******* Finishing CartTest *******
12:07:53.824 [main] INFO  testCases.CheckoutTest - ******* Staring CkeckoutTest *******
12:07:55.268 [main] INFO  testCases.CheckoutTest - ******* Finishing CkeckoutTest *******
12:07:57.674 [main] INFO  testCases.ProductTestDDT - ******* Staring ProductDDTTest *******
12:07:59.679 [main] INFO  testCases.ProductTestDDT - ******* Finishing ProductDDTTest *******
12:08:02.431 [main] INFO  testCases.CartTest - ******* Finishing CartTest *******
12:08:05.100 [main] INFO  testCases.CheckoutTest - ******* Staring CkeckoutTest *******
12:08:06.058 [main] INFO  testCases.CheckoutTest - ******* Finishing CkeckoutTest *******
12:08:09.257 [main] INFO  testCases.ProductTestDDT - ******* Staring ProductDDTTest *******
12:08:11.208 [main] INFO  testCases.ProductTestDDT - ******* Finishing ProductDDTTest *******
12:10:43.783 [main] INFO  testCases.LoginTest - ******* Starting LoginTest *******
12:10:44.630 [main] INFO  testCases.LoginTest - ******* Finishing LoginTest *******
12:10:44.680 [main] INFO  testCases.LoginTest - ******* Starting LoginTest *******
12:10:55.235 [main] INFO  testCases.LoginTest - ******* Starting LoginTest *******
12:11:05.548 [main] INFO  testCases.LoginTest - ******* Finishing LoginTest *******
12:11:05.551 [main] INFO  testCases.LoginTest - ******* Starting LoginTest *******
12:11:16.004 [main] INFO  testCases.LoginTest - ******* Finishing LoginTest *******
12:11:16.021 [main] INFO  testCases.LoginTest - ******* Starting LoginTest *******
12:11:26.404 [main] INFO  testCases.LoginTest - ******* Finishing LoginTest *******
12:11:26.418 [main] INFO  testCases.LoginTest - ******* Starting LoginTest *******
12:11:36.772 [main] INFO  testCases.LoginTest - ******* Finishing LoginTest *******
12:11:36.788 [main] INFO  testCases.LoginTest - ******* Starting LoginTest *******
12:11:47.217 [main] INFO  testCases.LoginTest - ******* Finishing LoginTest *******
12:11:47.219 [main] INFO  testCases.LoginTest - ******* Starting LoginTest *******
12:11:57.540 [main] INFO  testCases.LoginTest - ******* Finishing LoginTest *******
12:11:59.708 [main] INFO  testCases.ProductTest - ******* Staring ProductTest *******
12:12:00.665 [main] INFO  testCases.ProductTest - ******* Finishing LoginTest *******
12:12:02.420 [main] INFO  testCases.CartTest - ******* Staring CartTest *******
12:12:23.323 [main] INFO  testCases.CartTest - ******* Finishing CartTest *******
12:12:25.786 [main] INFO  testCases.CheckoutTest - ******* Staring CkeckoutTest *******
12:12:26.768 [main] INFO  testCases.CheckoutTest - ******* Finishing CkeckoutTest *******
12:12:31.332 [main] INFO  testCases.ProductTestDDT - ******* Staring ProductDDTTest *******
12:12:33.432 [main] INFO  testCases.ProductTestDDT - ******* Finishing ProductDDTTest *******
12:40:49.185 [main] INFO  testCases.LoginTest - ******* Starting LoginTest *******
12:40:50.313 [main] INFO  testCases.LoginTest - ******* Finishing LoginTest *******
12:40:50.342 [main] INFO  testCases.LoginTest - ******* Starting LoginTest *******
12:41:01.018 [main] INFO  testCases.LoginTest - ******* Starting LoginTest *******
12:41:11.420 [main] INFO  testCases.LoginTest - ******* Finishing LoginTest *******
12:41:11.435 [main] INFO  testCases.LoginTest - ******* Starting LoginTest *******
12:41:22.183 [main] INFO  testCases.LoginTest - ******* Finishing LoginTest *******
12:41:22.201 [main] INFO  testCases.LoginTest - ******* Starting LoginTest *******
12:41:32.820 [main] INFO  testCases.LoginTest - ******* Finishing LoginTest *******
12:41:32.820 [main] INFO  testCases.LoginTest - ******* Starting LoginTest *******
12:41:43.447 [main] INFO  testCases.LoginTest - ******* Finishing LoginTest *******
12:41:43.471 [main] INFO  testCases.LoginTest - ******* Starting LoginTest *******
12:41:53.986 [main] INFO  testCases.LoginTest - ******* Finishing LoginTest *******
12:41:53.995 [main] INFO  testCases.LoginTest - ******* Starting LoginTest *******
12:42:04.471 [main] INFO  testCases.LoginTest - ******* Finishing LoginTest *******
12:42:11.098 [main] INFO  testCases.LoginTest - ******* Starting LoginTest *******
12:42:12.267 [main] INFO  testCases.LoginTest - ******* Finishing LoginTest *******
12:42:12.282 [main] INFO  testCases.LoginTest - ******* Starting LoginTest *******
12:42:23.132 [main] INFO  testCases.LoginTest - ******* Starting LoginTest *******
